// Jest Snapshot v1, https://goo.gl/fbAQLP

exports[`Test suits for WorkflowForm should match with snapshot 1`] = `
<div>
  WorkflowForm
</div>
`;
